// Vitest Snapshot v1, https://vitest.dev/guide/snapshot.html

exports[`GlobalHeader > should render correctly 1`] = `
<div
  class="flex h-screen bg-background global-header"
>
  <aside
    class="flex flex-col gap-2 p-2 bg-background text-foreground transition-all duration-300 w-64"
  >
    <nav
      class="flex flex-col gap-2"
    >
      <button
        class="flex items-center gap-2 w-full rounded-md px-3 py-2 text-sm transition-colors focus-visible:outline-none focus-visible:ring-2 focus-visible:ring-secondary text-foreground hover:bg-muted"
        path="/panel"
        type="button"
      >
        <svg
          aria-hidden="true"
          class="lucide lucide-layout-dashboard inline-block align-middle w-5 h-5"
          fill="none"
          focusable="false"
          height="24"
          stroke="currentColor"
          stroke-linecap="round"
          stroke-linejoin="round"
          stroke-width="2"
          viewBox="0 0 24 24"
          width="24"
          xmlns="http://www.w3.org/2000/svg"
        >
          <rect
            height="9"
            rx="1"
            width="7"
            x="3"
            y="3"
          />
          <rect
            height="5"
            rx="1"
            width="7"
            x="14"
            y="3"
          />
          <rect
            height="9"
            rx="1"
            width="7"
            x="14"
            y="12"
          />
          <rect
            height="5"
            rx="1"
            width="7"
            x="3"
            y="16"
          />
        </svg>
        <span
          class="font-sans text-lg font-normal flex-1 text-left"
        >
          Panel
        </span>
      </button>
      <button
        class="flex items-center gap-2 w-full rounded-md px-3 py-2 text-sm transition-colors focus-visible:outline-none focus-visible:ring-2 focus-visible:ring-secondary text-foreground hover:bg-muted"
        path="/productos"
        type="button"
      >
        <span
          class="font-sans text-lg font-normal flex-1 text-left"
        >
          Productos & Cat√°logo
        </span>
      </button>
    </nav>
  </aside>
  <div
    class="flex-1 flex flex-col overflow-hidden"
  >
    <header
      class="flex items-center gap-4 px-4 shadow-sm border-b border-border h-14 sm:h-16 glass backdrop-blur-md bg-background text-foreground"
    >
      <div
        class="flex items-center gap-2"
      >
        <button
          aria-label="Toggle Sidebar"
          class="group inline-flex items-center justify-center whitespace-nowrap rounded-md text-sm font-medium ring-offset-background transition-all duration-300 ease-in-out focus-visible:outline-none focus-visible:ring-2 focus-visible:ring-offset-2 focus-visible:ring-secondary disabled:pointer-events-none disabled:opacity-50 hover:-translate-y-px hover:shadow-sm active:translate-y-0 active:shadow-md active:scale-105 p-0 border-transparent h-9 w-9 bg-primary text-primary-foreground hover:bg-primary/90"
        />
        <div
          class="flex-1"
        >
          <form
            aria-label="Buscar"
            class="search-bar flex items-center gap-2 w-80 max-w-xs"
            role="search"
          >
            <div
              class="relative group"
            >
              <svg
                aria-hidden="true"
                class="lucide lucide-search inline-block align-middle absolute left-3 top-1/2 -translate-y-1/2 text-muted"
                fill="none"
                focusable="false"
                height="24"
                stroke="currentColor"
                stroke-linecap="round"
                stroke-linejoin="round"
                stroke-width="2"
                viewBox="0 0 24 24"
                width="24"
                xmlns="http://www.w3.org/2000/svg"
              >
                <path
                  d="m21 21-4.34-4.34"
                />
                <circle
                  cx="11"
                  cy="11"
                  r="8"
                />
              </svg>
              <input
                class="peer block w-full rounded-md border bg-white text-foreground placeholder:text-muted-foreground focus:outline-none focus:ring-2 disabled:cursor-not-allowed disabled:opacity-50 py-2 px-3 text-base pl-10 border-primary focus:ring-primary flex-1"
                placeholder="Buscar..."
                type="search"
                value=""
              />
            </div>
          </form>
        </div>
      </div>
      <div
        class="flex items-center gap-2"
      >
        <button
          aria-label="Buscar"
          class="group inline-flex items-center justify-center whitespace-nowrap rounded-md text-sm font-medium ring-offset-background transition-all duration-300 ease-in-out focus-visible:outline-none focus-visible:ring-2 focus-visible:ring-offset-2 focus-visible:ring-secondary disabled:pointer-events-none disabled:opacity-50 hover:-translate-y-px hover:shadow-sm active:translate-y-0 active:shadow-md active:scale-105 p-0 border-transparent h-9 w-9 bg-primary text-primary-foreground hover:bg-primary/90 sm:hidden"
        />
        <button
          aria-label="Notifications"
          class="relative inline-flex"
          type="button"
        >
          <svg
            aria-hidden="true"
            class="lucide lucide-bell inline-block align-middle w-5 h-5 text-primary"
            fill="none"
            focusable="false"
            height="24"
            stroke="currentColor"
            stroke-linecap="round"
            stroke-linejoin="round"
            stroke-width="2"
            viewBox="0 0 24 24"
            width="24"
            xmlns="http://www.w3.org/2000/svg"
          >
            <path
              d="M10.268 21a2 2 0 0 0 3.464 0"
            />
            <path
              d="M3.262 15.326A1 1 0 0 0 4 17h16a1 1 0 0 0 .74-1.673C19.41 13.956 18 12.499 18 8A6 6 0 0 0 6 8c0 4.499-1.411 5.956-2.738 7.326"
            />
          </svg>
        </button>
        <button
          aria-label="Toggle theme"
          class="group inline-flex items-center justify-center whitespace-nowrap rounded-md text-sm font-medium ring-offset-background transition-all duration-300 ease-in-out focus-visible:outline-none focus-visible:ring-2 focus-visible:ring-offset-2 focus-visible:ring-secondary disabled:pointer-events-none disabled:opacity-50 hover:-translate-y-px hover:shadow-sm active:translate-y-0 active:shadow-md active:scale-105 p-0 border-transparent h-9 w-9 bg-primary text-primary-foreground hover:bg-primary/90"
        />
        <div
          class="flex items-center gap-2"
        >
          <div
            class="relative inline-flex items-center justify-center overflow-hidden rounded-full select-none shadow-sm transition-all hover:shadow-md hover:-translate-y-0.5 h-6 w-6 text-xs bg-muted text-muted-foreground"
          >
            <svg
              aria-hidden="true"
              class="lucide lucide-user h-2/3 w-2/3"
              fill="none"
              height="24"
              stroke="currentColor"
              stroke-linecap="round"
              stroke-linejoin="round"
              stroke-width="2"
              viewBox="0 0 24 24"
              width="24"
              xmlns="http://www.w3.org/2000/svg"
            >
              <path
                d="M19 21v-2a4 4 0 0 0-4-4H9a4 4 0 0 0-4 4v2"
              />
              <circle
                cx="12"
                cy="7"
                r="4"
              />
            </svg>
          </div>
          <span
            class="text-sm font-medium hidden sm:inline"
          />
        </div>
      </div>
    </header>
    <main
      class="flex-1 overflow-x-hidden overflow-y-auto bg-background"
    />
  </div>
</div>
`;
