// Vitest Snapshot v1, https://vitest.dev/guide/snapshot.html

exports[`Sidebar > should render correctly 1`] = `
<aside
  class="flex flex-col gap-2 p-2 bg-background text-foreground transition-all duration-300 w-64"
>
  <nav
    class="flex flex-col gap-2"
  >
    <button
      class="flex items-center gap-2 w-full rounded-md px-3 py-2 text-sm transition-colors focus-visible:outline-none focus-visible:ring-2 focus-visible:ring-secondary text-foreground hover:bg-muted"
      path="/panel"
      type="button"
    >
      <svg
        aria-hidden="true"
        class="lucide lucide-layout-dashboard inline-block align-middle w-5 h-5"
        fill="none"
        focusable="false"
        height="24"
        stroke="currentColor"
        stroke-linecap="round"
        stroke-linejoin="round"
        stroke-width="2"
        viewBox="0 0 24 24"
        width="24"
        xmlns="http://www.w3.org/2000/svg"
      >
        <rect
          height="9"
          rx="1"
          width="7"
          x="3"
          y="3"
        />
        <rect
          height="5"
          rx="1"
          width="7"
          x="14"
          y="3"
        />
        <rect
          height="9"
          rx="1"
          width="7"
          x="14"
          y="12"
        />
        <rect
          height="5"
          rx="1"
          width="7"
          x="3"
          y="16"
        />
      </svg>
      <span
        class="font-sans text-lg font-normal flex-1 text-left"
      >
        Panel
      </span>
    </button>
    <button
      class="flex items-center gap-2 w-full rounded-md px-3 py-2 text-sm transition-colors focus-visible:outline-none focus-visible:ring-2 focus-visible:ring-secondary text-foreground hover:bg-muted"
      path="/productos"
      type="button"
    >
      <span
        class="font-sans text-lg font-normal flex-1 text-left"
      >
        Productos & Cat√°logo
      </span>
    </button>
    <button
      class="flex items-center gap-2 w-full rounded-md px-3 py-2 text-sm transition-colors focus-visible:outline-none focus-visible:ring-2 focus-visible:ring-secondary text-foreground hover:bg-muted"
      path="/inventario"
      type="button"
    >
      <span
        class="font-sans text-lg font-normal flex-1 text-left"
      >
        Inventario
      </span>
    </button>
  </nav>
</aside>
`;
