// Vitest Snapshot v1, https://vitest.dev/guide/snapshot.html

exports[`PageHeader > matches mobile snapshot 1`] = `
<DocumentFragment>
  <header
    class="page-header space-y-2"
  >
    <nav
      aria-label="Breadcrumb"
      class="text-sm mb-1"
    >
      <ol
        class="flex flex-wrap items-center"
      >
        <li
          class="flex items-center"
        >
          <a
            class="text-sm font-medium underline underline-offset-4 transition-colors focus-visible:outline-none focus-visible:ring-2 focus-visible:ring-offset-2 ring-offset-background text-secondary hover:text-secondary/80 whitespace-nowrap"
            href="#"
            style="text-decoration: underline;"
          >
            Home
          </a>
          <span
            class="mx-2 text-muted-foreground"
          >
            /
          </span>
        </li>
        <li
          class="flex items-center"
        >
          <span
            aria-current="page"
            class="font-medium text-foreground whitespace-nowrap"
          >
            Products
          </span>
        </li>
      </ol>
    </nav>
    <div
      class="flex flex-col gap-2 sm:flex-row sm:items-center sm:justify-between"
    >
      <div
        class="title-group flex items-center gap-2"
      >
        <h2
          class="font-heading text-4xl font-medium tracking-tight text-left text-primary"
        >
          Mobile
        </h2>
      </div>
      <div
        class="actions flex flex-wrap items-center gap-2"
      >
        <button
          class="group inline-flex items-center justify-center whitespace-nowrap rounded-md text-sm font-medium ring-offset-background transition-all duration-300 ease-in-out focus-visible:outline-none focus-visible:ring-2 focus-visible:ring-offset-2 focus-visible:ring-secondary disabled:pointer-events-none disabled:opacity-50 hover:-translate-y-px hover:shadow-sm active:translate-y-0 active:shadow-md active:scale-105 border-transparent text-primary-foreground h-10 bg-gradient-to-br from-primary to-primary/90 hover:from-primary/90 hover:to-primary/80 px-6 min-w-[10rem]"
        >
          New
        </button>
      </div>
    </div>
  </header>
</DocumentFragment>
`;
